[test/test-err-multiple_var.lua:7] ERROR: var foo: multiple definition
