[test/test-err-multiple_pool.lua:6] ERROR: pool bar: multiple definition
