[test/test-err-unknown_rule.lua:4] ERROR: baz: unknown rule
