[test/test-err-incomplete_rule_definition-2.lua:3] ERROR: rule doit: expected 'command' attribute
