[test/test-err-incomplete_rule_call.lua:3] ERROR: rule foo: incomplete definition
