[test/test-err-multiple_generator.lua:3] ERROR: generator: multiple call
