[test/test-err-multiple_rule.lua:7] ERROR: rule foo: multiple definition
