[test/test-err-multiple_build.lua:9] ERROR: build bar: multiple definition
