[test/test-err-incomplete_rule_definition-1.lua:3] ERROR: rule doit: expected 'command' attribute
