[test/test-err-bad_generator_arg-3.lua:1] ERROR: generator: boolean or table expected
